###############################################################################
#
# IAR ELF Linker V8.40.1.212/W32 for ARM                  10/Apr/2025  17:28:18
# Copyright 2007-2019 IAR Systems AB.
#
#    Output file  =  E:\AnyID\Git\EsOnSsc\EsOnSsc\EsOnSsc\Build\Exe\EsOnSsc.out
#    Map file     =
#        E:\AnyID\Git\EsOnSsc\EsOnSsc\EsOnSsc\Build\List\EsOnSsc.map
#    Command line =
#        -f C:\Users\swnw\AppData\Local\Temp\EW100C.tmp
#        (E:\AnyID\Git\EsOnSsc\EsOnSsc\EsOnSsc\Build\Obj\AnyID_Des.o
#        E:\AnyID\Git\EsOnSsc\EsOnSsc\EsOnSsc\Build\Obj\AnyID_ESC.o
#        E:\AnyID\Git\EsOnSsc\EsOnSsc\EsOnSsc\Build\Obj\AnyID_ESC_HL.o
#        E:\AnyID\Git\EsOnSsc\EsOnSsc\EsOnSsc\Build\Obj\AnyID_FRam.o
#        E:\AnyID\Git\EsOnSsc\EsOnSsc\EsOnSsc\Build\Obj\AnyID_FRam_App.o
#        E:\AnyID\Git\EsOnSsc\EsOnSsc\EsOnSsc\Build\Obj\AnyID_FRam_HL.o
#        E:\AnyID\Git\EsOnSsc\EsOnSsc\EsOnSsc\Build\Obj\AnyID_IO.o
#        E:\AnyID\Git\EsOnSsc\EsOnSsc\EsOnSsc\Build\Obj\AnyID_IO_HL.o
#        E:\AnyID\Git\EsOnSsc\EsOnSsc\EsOnSsc\Build\Obj\AnyID_Stdlib.o
#        E:\AnyID\Git\EsOnSsc\EsOnSsc\EsOnSsc\Build\Obj\AnyID_SysCfg.o
#        E:\AnyID\Git\EsOnSsc\EsOnSsc\EsOnSsc\Build\Obj\AnyID_SysTick.o
#        E:\AnyID\Git\EsOnSsc\EsOnSsc\EsOnSsc\Build\Obj\AnyID_SysTick_HL.o
#        E:\AnyID\Git\EsOnSsc\EsOnSsc\EsOnSsc\Build\Obj\AnyID_Uart_Receive.o
#        E:\AnyID\Git\EsOnSsc\EsOnSsc\EsOnSsc\Build\Obj\AnyID_WDG_HL.o
#        E:\AnyID\Git\EsOnSsc\EsOnSsc\EsOnSsc\Build\Obj\Application.o
#        E:\AnyID\Git\EsOnSsc\EsOnSsc\EsOnSsc\Build\Obj\bootloaderappl.o
#        E:\AnyID\Git\EsOnSsc\EsOnSsc\EsOnSsc\Build\Obj\bootmode.o
#        E:\AnyID\Git\EsOnSsc\EsOnSsc\EsOnSsc\Build\Obj\coeappl.o
#        E:\AnyID\Git\EsOnSsc\EsOnSsc\EsOnSsc\Build\Obj\ecatappl.o
#        E:\AnyID\Git\EsOnSsc\EsOnSsc\EsOnSsc\Build\Obj\ecatcoe.o
#        E:\AnyID\Git\EsOnSsc\EsOnSsc\EsOnSsc\Build\Obj\ecatfoe.o
#        E:\AnyID\Git\EsOnSsc\EsOnSsc\EsOnSsc\Build\Obj\ecatslv.o
#        E:\AnyID\Git\EsOnSsc\EsOnSsc\EsOnSsc\Build\Obj\foeappl.o
#        E:\AnyID\Git\EsOnSsc\EsOnSsc\EsOnSsc\Build\Obj\mailbox.o
#        E:\AnyID\Git\EsOnSsc\EsOnSsc\EsOnSsc\Build\Obj\main.o
#        E:\AnyID\Git\EsOnSsc\EsOnSsc\EsOnSsc\Build\Obj\misc.o
#        E:\AnyID\Git\EsOnSsc\EsOnSsc\EsOnSsc\Build\Obj\objdef.o
#        E:\AnyID\Git\EsOnSsc\EsOnSsc\EsOnSsc\Build\Obj\sdoserv.o
#        E:\AnyID\Git\EsOnSsc\EsOnSsc\EsOnSsc\Build\Obj\SSC-Device.o
#        E:\AnyID\Git\EsOnSsc\EsOnSsc\EsOnSsc\Build\Obj\startup_stm32f427x.o
#        E:\AnyID\Git\EsOnSsc\EsOnSsc\EsOnSsc\Build\Obj\stm32f4xx_adc.o
#        E:\AnyID\Git\EsOnSsc\EsOnSsc\EsOnSsc\Build\Obj\stm32f4xx_can.o
#        E:\AnyID\Git\EsOnSsc\EsOnSsc\EsOnSsc\Build\Obj\stm32f4xx_cec.o
#        E:\AnyID\Git\EsOnSsc\EsOnSsc\EsOnSsc\Build\Obj\stm32f4xx_crc.o
#        E:\AnyID\Git\EsOnSsc\EsOnSsc\EsOnSsc\Build\Obj\stm32f4xx_cryp.o
#        E:\AnyID\Git\EsOnSsc\EsOnSsc\EsOnSsc\Build\Obj\stm32f4xx_cryp_aes.o
#        E:\AnyID\Git\EsOnSsc\EsOnSsc\EsOnSsc\Build\Obj\stm32f4xx_cryp_des.o
#        E:\AnyID\Git\EsOnSsc\EsOnSsc\EsOnSsc\Build\Obj\stm32f4xx_cryp_tdes.o
#        E:\AnyID\Git\EsOnSsc\EsOnSsc\EsOnSsc\Build\Obj\stm32f4xx_dac.o
#        E:\AnyID\Git\EsOnSsc\EsOnSsc\EsOnSsc\Build\Obj\stm32f4xx_dbgmcu.o
#        E:\AnyID\Git\EsOnSsc\EsOnSsc\EsOnSsc\Build\Obj\stm32f4xx_dcmi.o
#        E:\AnyID\Git\EsOnSsc\EsOnSsc\EsOnSsc\Build\Obj\stm32f4xx_dfsdm.o
#        E:\AnyID\Git\EsOnSsc\EsOnSsc\EsOnSsc\Build\Obj\stm32f4xx_dma.o
#        E:\AnyID\Git\EsOnSsc\EsOnSsc\EsOnSsc\Build\Obj\stm32f4xx_dma2d.o
#        E:\AnyID\Git\EsOnSsc\EsOnSsc\EsOnSsc\Build\Obj\stm32f4xx_dsi.o
#        E:\AnyID\Git\EsOnSsc\EsOnSsc\EsOnSsc\Build\Obj\stm32f4xx_exti.o
#        E:\AnyID\Git\EsOnSsc\EsOnSsc\EsOnSsc\Build\Obj\stm32f4xx_flash.o
#        E:\AnyID\Git\EsOnSsc\EsOnSsc\EsOnSsc\Build\Obj\stm32f4xx_flash_ramfunc.o
#        E:\AnyID\Git\EsOnSsc\EsOnSsc\EsOnSsc\Build\Obj\stm32f4xx_gpio.o
#        E:\AnyID\Git\EsOnSsc\EsOnSsc\EsOnSsc\Build\Obj\stm32f4xx_hash.o
#        E:\AnyID\Git\EsOnSsc\EsOnSsc\EsOnSsc\Build\Obj\stm32f4xx_hash_md5.o
#        E:\AnyID\Git\EsOnSsc\EsOnSsc\EsOnSsc\Build\Obj\stm32f4xx_hash_sha1.o
#        E:\AnyID\Git\EsOnSsc\EsOnSsc\EsOnSsc\Build\Obj\stm32f4xx_i2c.o
#        E:\AnyID\Git\EsOnSsc\EsOnSsc\EsOnSsc\Build\Obj\stm32f4xx_it.o
#        E:\AnyID\Git\EsOnSsc\EsOnSsc\EsOnSsc\Build\Obj\stm32f4xx_iwdg.o
#        E:\AnyID\Git\EsOnSsc\EsOnSsc\EsOnSsc\Build\Obj\stm32f4xx_lptim.o
#        E:\AnyID\Git\EsOnSsc\EsOnSsc\EsOnSsc\Build\Obj\stm32f4xx_ltdc.o
#        E:\AnyID\Git\EsOnSsc\EsOnSsc\EsOnSsc\Build\Obj\stm32f4xx_pwr.o
#        E:\AnyID\Git\EsOnSsc\EsOnSsc\EsOnSsc\Build\Obj\stm32f4xx_qspi.o
#        E:\AnyID\Git\EsOnSsc\EsOnSsc\EsOnSsc\Build\Obj\stm32f4xx_rcc.o
#        E:\AnyID\Git\EsOnSsc\EsOnSsc\EsOnSsc\Build\Obj\stm32f4xx_rng.o
#        E:\AnyID\Git\EsOnSsc\EsOnSsc\EsOnSsc\Build\Obj\stm32f4xx_rtc.o
#        E:\AnyID\Git\EsOnSsc\EsOnSsc\EsOnSsc\Build\Obj\stm32f4xx_sai.o
#        E:\AnyID\Git\EsOnSsc\EsOnSsc\EsOnSsc\Build\Obj\stm32f4xx_sdio.o
#        E:\AnyID\Git\EsOnSsc\EsOnSsc\EsOnSsc\Build\Obj\stm32f4xx_spdifrx.o
#        E:\AnyID\Git\EsOnSsc\EsOnSsc\EsOnSsc\Build\Obj\stm32f4xx_spi.o
#        E:\AnyID\Git\EsOnSsc\EsOnSsc\EsOnSsc\Build\Obj\stm32f4xx_syscfg.o
#        E:\AnyID\Git\EsOnSsc\EsOnSsc\EsOnSsc\Build\Obj\stm32f4xx_tim.o
#        E:\AnyID\Git\EsOnSsc\EsOnSsc\EsOnSsc\Build\Obj\stm32f4xx_usart.o
#        E:\AnyID\Git\EsOnSsc\EsOnSsc\EsOnSsc\Build\Obj\stm32f4xx_wwdg.o
#        E:\AnyID\Git\EsOnSsc\EsOnSsc\EsOnSsc\Build\Obj\system_stm32f4xx.o
#        --no_out_extension -o
#        E:\AnyID\Git\EsOnSsc\EsOnSsc\EsOnSsc\Build\Exe\EsOnSsc.out --map
#        E:\AnyID\Git\EsOnSsc\EsOnSsc\EsOnSsc\Build\List\EsOnSsc.map --config
#        E:\AnyID\Git\EsOnSsc\EsOnSsc\EsOnSsc\stm32f4xx_flash.icf --semihosting
#        --entry __iar_program_start --vfe --text_out locale)
#
###############################################################################

*******************************************************************************
*** RUNTIME MODEL ATTRIBUTES
***

CppFlavor       = *
__Heap_Handler  = DLMalloc
__SystemLibrary = DLib
__dlib_version  = 6


*******************************************************************************
*** HEAP SELECTION
***

The advanced heap was selected because the application calls memory
allocation functions outside of system library functions, and there
are calls to deallocation functions in the application.


*******************************************************************************
*** PLACEMENT SUMMARY
***

"A0":  place at address 0x800'0000 { ro section .intvec };
"P1":  place in [from 0x800'0000 to 0x80f'ffff] { ro };
define block CSTACK with size = 16K, alignment = 8 { };
define block HEAP with size = 8K, alignment = 8 { };
"P2":  place in [from 0x2000'0000 to 0x2001'ffff] {
          rw, block CSTACK, block HEAP };
initialize by copy { rw };

  Section            Kind         Address    Size  Object
  -------            ----         -------    ----  ------
"A0":                                       0x1ac
  .intvec            ro code   0x800'0000   0x1ac  startup_stm32f427x.o [1]
                             - 0x800'01ac   0x1ac

"P1":                                      0x8781
  .text              ro code   0x800'01ac  0x19dc  ecatslv.o [1]
  .text              ro code   0x800'1b88   0x360  AnyID_ESC.o [1]
  .text              ro code   0x800'1ee8   0x698  ecatappl.o [1]
  .text              ro code   0x800'2580   0x18c  SSC-Device.o [1]
  .text              ro code   0x800'270c   0x7b8  mailbox.o [1]
  .text              ro code   0x800'2ec4    0x1e  bootmode.o [1]
  .text              ro code   0x800'2ee2    0x3a  zero_init3.o [4]
  .text              ro code   0x800'2f1c    0x90  ecatcoe.o [1]
  .text              ro code   0x800'2fac   0x294  AnyID_ESC_HL.o [1]
  .text              ro code   0x800'3240   0x134  stm32f4xx_gpio.o [1]
  .text              ro code   0x800'3374    0xac  stm32f4xx_exti.o [1]
  .text              ro code   0x800'3420   0x458  Application.o [1]
  .text              ro code   0x800'3878   0x198  stm32f4xx_rcc.o [1]
  .text              ro code   0x800'3a10    0xac  stm32f4xx_tim.o [1]
  .text              ro code   0x800'3abc   0x336  coeappl.o [1]
  .text              ro code   0x800'3df4  0x10fc  objdef.o [1]
  .text              ro code   0x800'4ef0  0x149c  dlmalloc.o [2]
  .text              ro code   0x800'638c     0x4  heaptramp0.o [2]
  .text              ro code   0x800'6390   0x35c  ecatfoe.o [1]
  .text              ro code   0x800'66ec    0x66  ABImemset.o [4]
  .text              ro code   0x800'6754    0xa6  ABImemcpy.o [4]
  .text              ro code   0x800'67fc   0x64c  sdoserv.o [1]
  .text              ro code   0x800'6e48    0x78  stm32f4xx_spi.o [1]
  .text              ro code   0x800'6ec0    0x58  stm32f4xx_syscfg.o [1]
  .text              ro code   0x800'6f18    0x9c  misc.o [1]
  .text              ro code   0x800'6fb4   0x228  bootloaderappl.o [1]
  .text              ro code   0x800'71dc    0x68  memcmp.o [4]
  .text              ro code   0x800'7244    0xbc  AnyID_IO.o [1]
  .text              ro code   0x800'7300    0x36  strlen.o [4]
  .text              ro code   0x800'7336     0x6  abort.o [2]
  .text              ro code   0x800'733c    0x2c  xgetmemchunk.o [2]
  .text              ro code   0x800'7368   0x114  foeappl.o [1]
  .text              ro code   0x800'747c    0x9e  AnyID_IO_HL.o [1]
  .text              ro code   0x800'751c    0x14  exit.o [5]
  .text              ro code   0x800'7530   0x1bc  AnyID_SysCfg.o [1]
  .text              ro code   0x800'76ec    0xa4  AnyID_SysTick_HL.o [1]
  .text              ro code   0x800'7790   0x124  system_stm32f4xx.o [1]
  .rodata            const     0x800'78b4   0x100  coeappl.o [1]
  .rodata            const     0x800'79b4   0x100  coeappl.o [1]
  .rodata            const     0x800'7ab4    0xdc  coeappl.o [1]
  .rodata            const     0x800'7b90    0xdc  coeappl.o [1]
  .rodata            const     0x800'7c6c    0xc8  coeappl.o [1]
  .rodata            const     0x800'7d34    0x80  AnyID_IO_HL.o [1]
  .rodata            const     0x800'7db4    0x80  AnyID_IO_HL.o [1]
  .rodata            const     0x800'7e34    0x78  sdoserv.o [1]
  .text              ro code   0x800'7eac    0x78  lz77_init_single.o [4]
  .rodata            const     0x800'7f24    0x68  coeappl.o [1]
  .rodata            const     0x800'7f8c    0x68  coeappl.o [1]
  .rodata            const     0x800'7ff4    0x68  coeappl.o [1]
  .rodata            const     0x800'805c    0x68  coeappl.o [1]
  .rodata            const     0x800'80c4    0x64  coeappl.o [1]
  .rodata            const     0x800'8128    0x64  coeappl.o [1]
  .rodata            const     0x800'818c    0x60  coeappl.o [1]
  .rodata            const     0x800'81ec    0x40  coeappl.o [1]
  .rodata            const     0x800'822c    0x3c  coeappl.o [1]
  .rodata            const     0x800'8268    0x38  coeappl.o [1]
  .text              ro code   0x800'82a0    0x38  stm32f4xx_it.o [1]
  .rodata            const     0x800'82d8    0x28  coeappl.o [1]
  .text              ro code   0x800'8300    0x28  data_init.o [4]
  .text              ro code   0x800'8328    0x22  fpinit_M.o [3]
  .iar.init_table    const     0x800'834c    0x20  - Linker created -
  .rodata            const     0x800'836c    0x20  coeappl.o [1]
  .rodata            const     0x800'838c    0x20  coeappl.o [1]
  .rodata            const     0x800'83ac    0x20  coeappl.o [1]
  .rodata            const     0x800'83cc    0x20  objdef.o [1]
  .text              ro code   0x800'83ec    0x1e  cmain.o [4]
  .text              ro code   0x800'840a     0x4  low_level_init.o [2]
  .text              ro code   0x800'840e    0x10  main.o [1]
  .text              ro code   0x800'841e     0x4  exit.o [2]
  .text              ro code   0x800'8424     0xa  cexit.o [4]
  .rodata            const     0x800'8430    0x1c  coeappl.o [1]
  .rodata            const     0x800'844c    0x1c  coeappl.o [1]
  .rodata            const     0x800'8468    0x18  coeappl.o [1]
  .rodata            const     0x800'8480    0x14  coeappl.o [1]
  .rodata            const     0x800'8494    0x14  coeappl.o [1]
  .rodata            const     0x800'84a8    0x14  coeappl.o [1]
  .rodata            const     0x800'84bc    0x14  coeappl.o [1]
  .rodata            const     0x800'84d0    0x14  coeappl.o [1]
  .rodata            const     0x800'84e4    0x10  coeappl.o [1]
  .text              ro code   0x800'84f4    0x10  startup_stm32f427x.o [1]
  .rodata            const     0x800'8504     0xc  coeappl.o [1]
  .rodata            const     0x800'8510     0xc  coeappl.o [1]
  .rodata            const     0x800'851c     0xc  coeappl.o [1]
  .rodata            const     0x800'8528     0xc  coeappl.o [1]
  .rodata            const     0x800'8534     0xc  coeappl.o [1]
  .text              ro code   0x800'8540     0xc  cstartup_M.o [4]
  .rodata            const     0x800'854c     0x8  AnyID_ESC_HL.o [1]
  .rodata            const     0x800'8554     0x8  AnyID_ESC_HL.o [1]
  .rodata            const     0x800'855c     0x8  AnyID_ESC_HL.o [1]
  .rodata            const     0x800'8564     0x8  AnyID_ESC_HL.o [1]
  .rodata            const     0x800'856c     0x8  AnyID_ESC_HL.o [1]
  .rodata            const     0x800'8574     0x8  coeappl.o [1]
  .rodata            const     0x800'857c     0x8  coeappl.o [1]
  .rodata            const     0x800'8584     0x8  coeappl.o [1]
  .rodata            const     0x800'858c     0x8  coeappl.o [1]
  .rodata            const     0x800'8594     0x8  coeappl.o [1]
  .rodata            const     0x800'859c     0x8  coeappl.o [1]
  .text              ro code   0x800'85a4     0x4  startup_stm32f427x.o [1]
  .text              ro code   0x800'85a8     0x4  startup_stm32f427x.o [1]
  .text              ro code   0x800'85ac     0x4  startup_stm32f427x.o [1]
  .text              ro code   0x800'85b0     0x4  startup_stm32f427x.o [1]
  .text              ro code   0x800'85b4     0x4  startup_stm32f427x.o [1]
  .text              ro code   0x800'85b8     0x4  startup_stm32f427x.o [1]
  .text              ro code   0x800'85bc     0x4  startup_stm32f427x.o [1]
  .text              ro code   0x800'85c0     0x4  startup_stm32f427x.o [1]
  .text              ro code   0x800'85c4     0x4  startup_stm32f427x.o [1]
  .text              ro code   0x800'85c8     0x4  startup_stm32f427x.o [1]
  .text              ro code   0x800'85cc     0x4  startup_stm32f427x.o [1]
  .text              ro code   0x800'85d0     0x4  startup_stm32f427x.o [1]
  .text              ro code   0x800'85d4     0x4  startup_stm32f427x.o [1]
  .text              ro code   0x800'85d8     0x4  startup_stm32f427x.o [1]
  .text              ro code   0x800'85dc     0x4  startup_stm32f427x.o [1]
  .text              ro code   0x800'85e0     0x4  startup_stm32f427x.o [1]
  .text              ro code   0x800'85e4     0x4  startup_stm32f427x.o [1]
  .text              ro code   0x800'85e8     0x4  startup_stm32f427x.o [1]
  .text              ro code   0x800'85ec     0x4  startup_stm32f427x.o [1]
  .text              ro code   0x800'85f0     0x4  startup_stm32f427x.o [1]
  .text              ro code   0x800'85f4     0x4  startup_stm32f427x.o [1]
  .text              ro code   0x800'85f8     0x4  startup_stm32f427x.o [1]
  .text              ro code   0x800'85fc     0x4  startup_stm32f427x.o [1]
  .text              ro code   0x800'8600     0x4  startup_stm32f427x.o [1]
  .text              ro code   0x800'8604     0x4  startup_stm32f427x.o [1]
  .text              ro code   0x800'8608     0x4  startup_stm32f427x.o [1]
  .text              ro code   0x800'860c     0x4  startup_stm32f427x.o [1]
  .text              ro code   0x800'8610     0x4  startup_stm32f427x.o [1]
  .text              ro code   0x800'8614     0x4  startup_stm32f427x.o [1]
  .text              ro code   0x800'8618     0x4  startup_stm32f427x.o [1]
  .text              ro code   0x800'861c     0x4  startup_stm32f427x.o [1]
  .text              ro code   0x800'8620     0x4  startup_stm32f427x.o [1]
  .text              ro code   0x800'8624     0x4  startup_stm32f427x.o [1]
  .text              ro code   0x800'8628     0x4  startup_stm32f427x.o [1]
  .text              ro code   0x800'862c     0x4  startup_stm32f427x.o [1]
  .text              ro code   0x800'8630     0x4  startup_stm32f427x.o [1]
  .text              ro code   0x800'8634     0x4  startup_stm32f427x.o [1]
  .text              ro code   0x800'8638     0x4  startup_stm32f427x.o [1]
  .text              ro code   0x800'863c     0x4  startup_stm32f427x.o [1]
  .text              ro code   0x800'8640     0x4  startup_stm32f427x.o [1]
  .text              ro code   0x800'8644     0x4  startup_stm32f427x.o [1]
  .text              ro code   0x800'8648     0x4  startup_stm32f427x.o [1]
  .text              ro code   0x800'864c     0x4  startup_stm32f427x.o [1]
  .text              ro code   0x800'8650     0x4  startup_stm32f427x.o [1]
  .text              ro code   0x800'8654     0x4  startup_stm32f427x.o [1]
  .text              ro code   0x800'8658     0x4  startup_stm32f427x.o [1]
  .text              ro code   0x800'865c     0x4  startup_stm32f427x.o [1]
  .text              ro code   0x800'8660     0x4  startup_stm32f427x.o [1]
  .text              ro code   0x800'8664     0x4  startup_stm32f427x.o [1]
  .text              ro code   0x800'8668     0x4  startup_stm32f427x.o [1]
  .text              ro code   0x800'866c     0x4  startup_stm32f427x.o [1]
  .text              ro code   0x800'8670     0x4  startup_stm32f427x.o [1]
  .text              ro code   0x800'8674     0x4  startup_stm32f427x.o [1]
  .text              ro code   0x800'8678     0x4  startup_stm32f427x.o [1]
  .text              ro code   0x800'867c     0x4  startup_stm32f427x.o [1]
  .text              ro code   0x800'8680     0x4  startup_stm32f427x.o [1]
  .text              ro code   0x800'8684     0x4  startup_stm32f427x.o [1]
  .text              ro code   0x800'8688     0x4  startup_stm32f427x.o [1]
  .text              ro code   0x800'868c     0x4  startup_stm32f427x.o [1]
  .text              ro code   0x800'8690     0x4  startup_stm32f427x.o [1]
  .text              ro code   0x800'8694     0x4  startup_stm32f427x.o [1]
  .text              ro code   0x800'8698     0x4  startup_stm32f427x.o [1]
  .text              ro code   0x800'869c     0x4  startup_stm32f427x.o [1]
  .text              ro code   0x800'86a0     0x4  startup_stm32f427x.o [1]
  .text              ro code   0x800'86a4     0x4  startup_stm32f427x.o [1]
  .text              ro code   0x800'86a8     0x4  startup_stm32f427x.o [1]
  .text              ro code   0x800'86ac     0x4  startup_stm32f427x.o [1]
  .text              ro code   0x800'86b0     0x4  startup_stm32f427x.o [1]
  .text              ro code   0x800'86b4     0x4  startup_stm32f427x.o [1]
  .text              ro code   0x800'86b8     0x4  startup_stm32f427x.o [1]
  .text              ro code   0x800'86bc     0x4  startup_stm32f427x.o [1]
  .text              ro code   0x800'86c0     0x4  startup_stm32f427x.o [1]
  .text              ro code   0x800'86c4     0x4  startup_stm32f427x.o [1]
  .text              ro code   0x800'86c8     0x4  startup_stm32f427x.o [1]
  .text              ro code   0x800'86cc     0x4  startup_stm32f427x.o [1]
  .text              ro code   0x800'86d0     0x4  startup_stm32f427x.o [1]
  .text              ro code   0x800'86d4     0x4  startup_stm32f427x.o [1]
  .text              ro code   0x800'86d8     0x4  startup_stm32f427x.o [1]
  .text              ro code   0x800'86dc     0x4  startup_stm32f427x.o [1]
  .text              ro code   0x800'86e0     0x4  startup_stm32f427x.o [1]
  .text              ro code   0x800'86e4     0x4  startup_stm32f427x.o [1]
  .text              ro code   0x800'86e8     0x4  startup_stm32f427x.o [1]
  .text              ro code   0x800'86ec     0x4  startup_stm32f427x.o [1]
  .text              ro code   0x800'86f0     0x4  startup_stm32f427x.o [1]
  .text              ro code   0x800'86f4     0x4  startup_stm32f427x.o [1]
  .text              ro code   0x800'86f8     0x4  startup_stm32f427x.o [1]
  .rodata            const     0x800'86fc     0x0  zero_init3.o [4]
  .rodata            const     0x800'86fc     0x0  lz77_init_single.o [4]
  Initializer bytes  const     0x800'86fc   0x231  <for P2-1>
                             - 0x800'892d  0x8781

"P2", part 1 of 3:                          0x494
  P2-1                        0x2000'0000   0x494  <Init block>
    .data            inited   0x2000'0000     0x4  AnyID_SysCfg.o [1]
    .data            inited   0x2000'0004     0x4  Application.o [1]
    .data            inited   0x2000'0008   0x190  coeappl.o [1]
    .data            inited   0x2000'0198     0x4  coeappl.o [1]
    .data            inited   0x2000'019c     0xc  coeappl.o [1]
    .data            inited   0x2000'01a8     0x4  coeappl.o [1]
    .data            inited   0x2000'01ac     0x4  coeappl.o [1]
    .data            inited   0x2000'01b0    0x14  coeappl.o [1]
    .data            inited   0x2000'01c4     0x8  coeappl.o [1]
    .data            inited   0x2000'01cc   0x1e0  coeappl.o [1]
    .data            inited   0x2000'03ac     0xc  objdef.o [1]
    .data            inited   0x2000'03b8    0x10  objdef.o [1]
    .data            inited   0x2000'03c8    0x44  SSC-Device.o [1]
    .data            inited   0x2000'040c    0x44  SSC-Device.o [1]
    .data            inited   0x2000'0450     0x4  SSC-Device.o [1]
    .data            inited   0x2000'0454     0x4  SSC-Device.o [1]
    .data            inited   0x2000'0458     0x4  SSC-Device.o [1]
    .data            inited   0x2000'045c     0x4  SSC-Device.o [1]
    .data            inited   0x2000'0460     0xc  SSC-Device.o [1]
    .data            inited   0x2000'046c     0xc  SSC-Device.o [1]
    .data            inited   0x2000'0478     0xc  SSC-Device.o [1]
    .data            inited   0x2000'0484    0x10  stm32f4xx_rcc.o [1]
                            - 0x2000'0494   0x494

"P2", part 2 of 3:                          0x5a4
  .bss               zero     0x2000'0494   0x1d8  dlmalloc.o [2]
  .bss               zero     0x2000'066c   0x180  bootloaderappl.o [1]
  .bss               zero     0x2000'07ec    0x44  objdef.o [1]
  .bss               zero     0x2000'0830    0x44  objdef.o [1]
  .bss               zero     0x2000'0874    0x34  mailbox.o [1]
  .bss               zero     0x2000'08a8    0x34  mailbox.o [1]
  .bss               zero     0x2000'08dc    0x30  AnyID_IO.o [1]
  .bss               zero     0x2000'090c    0x18  dlmalloc.o [2]
  .bss               zero     0x2000'0924    0x10  bootloaderappl.o [1]
  .bss               zero     0x2000'0934    0x10  sdoserv.o [1]
  .bss               zero     0x2000'0948     0x8  coeappl.o [1]
  .bss               zero     0x2000'0950     0x8  ecatslv.o [1]
  .bss               zero     0x2000'0958     0x4  AnyID_SysTick_HL.o [1]
  .bss               zero     0x2000'095c     0x4  AnyID_SysTick_HL.o [1]
  .bss               zero     0x2000'0960     0x4  Application.o [1]
  .bss               zero     0x2000'0964     0x4  bootloaderappl.o [1]
  .bss               zero     0x2000'0968     0x4  bootloaderappl.o [1]
  .bss               zero     0x2000'096c     0x4  coeappl.o [1]
  .bss               zero     0x2000'0970     0x4  coeappl.o [1]
  .bss               zero     0x2000'0974     0x4  coeappl.o [1]
  .bss               zero     0x2000'0978     0x4  ecatappl.o [1]
  .bss               zero     0x2000'097c     0x4  ecatappl.o [1]
  .bss               zero     0x2000'0980     0x4  ecatappl.o [1]
  .bss               zero     0x2000'0984     0x4  ecatappl.o [1]
  .bss               zero     0x2000'0988     0x4  ecatappl.o [1]
  .bss               zero     0x2000'098c     0x4  ecatappl.o [1]
  .bss               zero     0x2000'0990     0x4  ecatappl.o [1]
  .bss               zero     0x2000'0994     0x4  ecatappl.o [1]
  .bss               zero     0x2000'0998     0x4  ecatappl.o [1]
  .bss               zero     0x2000'099c     0x4  ecatappl.o [1]
  .bss               zero     0x2000'09a0     0x4  ecatcoe.o [1]
  .bss               zero     0x2000'09a4     0x4  ecatfoe.o [1]
  .bss               zero     0x2000'09a8     0x4  ecatfoe.o [1]
  .bss               zero     0x2000'09ac     0x4  ecatfoe.o [1]
  .bss               zero     0x2000'09b0     0x4  ecatfoe.o [1]
  .bss               zero     0x2000'09b4     0x4  ecatslv.o [1]
  .bss               zero     0x2000'09b8     0x4  ecatslv.o [1]
  .bss               zero     0x2000'09bc     0x4  mailbox.o [1]
  .bss               zero     0x2000'09c0     0x4  mailbox.o [1]
  .bss               zero     0x2000'09c4     0x4  mailbox.o [1]
  .bss               zero     0x2000'09c8     0x4  mailbox.o [1]
  .bss               zero     0x2000'09cc     0x4  sdoserv.o [1]
  .bss               zero     0x2000'09d0     0x4  xgetmemchunk.o [2]
  .bss               zero     0x2000'09d4     0x2  AnyID_ESC.o [1]
  .bss               zero     0x2000'09d6     0x2  AnyID_IO_HL.o [1]
  .bss               zero     0x2000'09d8     0x2  coeappl.o [1]
  .bss               zero     0x2000'09da     0x2  ecatappl.o [1]
  .bss               zero     0x2000'09dc     0x2  ecatappl.o [1]
  .bss               zero     0x2000'09de     0x2  ecatfoe.o [1]
  .bss               zero     0x2000'09e0     0x2  ecatfoe.o [1]
  .bss               zero     0x2000'09e2     0x2  ecatslv.o [1]
  .bss               zero     0x2000'09e4     0x2  ecatslv.o [1]
  .bss               zero     0x2000'09e6     0x2  ecatslv.o [1]
  .bss               zero     0x2000'09e8     0x2  ecatslv.o [1]
  .bss               zero     0x2000'09ea     0x2  ecatslv.o [1]
  .bss               zero     0x2000'09ec     0x2  ecatslv.o [1]
  .bss               zero     0x2000'09ee     0x2  ecatslv.o [1]
  .bss               zero     0x2000'09f0     0x2  ecatslv.o [1]
  .bss               zero     0x2000'09f2     0x2  ecatslv.o [1]
  .bss               zero     0x2000'09f4     0x2  ecatslv.o [1]
  .bss               zero     0x2000'09f6     0x2  ecatslv.o [1]
  .bss               zero     0x2000'09f8     0x2  ecatslv.o [1]
  .bss               zero     0x2000'09fa     0x2  ecatslv.o [1]
  .bss               zero     0x2000'09fc     0x2  ecatslv.o [1]
  .bss               zero     0x2000'09fe     0x2  ecatslv.o [1]
  .bss               zero     0x2000'0a00     0x2  ecatslv.o [1]
  .bss               zero     0x2000'0a02     0x2  ecatslv.o [1]
  .bss               zero     0x2000'0a04     0x2  ecatslv.o [1]
  .bss               zero     0x2000'0a06     0x2  ecatslv.o [1]
  .bss               zero     0x2000'0a08     0x2  ecatslv.o [1]
  .bss               zero     0x2000'0a0a     0x2  ecatslv.o [1]
  .bss               zero     0x2000'0a0c     0x2  mailbox.o [1]
  .bss               zero     0x2000'0a0e     0x2  mailbox.o [1]
  .bss               zero     0x2000'0a10     0x2  mailbox.o [1]
  .bss               zero     0x2000'0a12     0x2  mailbox.o [1]
  .bss               zero     0x2000'0a14     0x2  objdef.o [1]
  .bss               zero     0x2000'0a16     0x2  sdoserv.o [1]
  .bss               zero     0x2000'0a18     0x1  ecatappl.o [1]
  .bss               zero     0x2000'0a19     0x1  ecatappl.o [1]
  .bss               zero     0x2000'0a1a     0x1  ecatappl.o [1]
  .bss               zero     0x2000'0a1b     0x1  ecatslv.o [1]
  .bss               zero     0x2000'0a1c     0x1  ecatslv.o [1]
  .bss               zero     0x2000'0a1d     0x1  ecatslv.o [1]
  .bss               zero     0x2000'0a1e     0x1  ecatslv.o [1]
  .bss               zero     0x2000'0a1f     0x1  ecatslv.o [1]
  .bss               zero     0x2000'0a20     0x1  ecatslv.o [1]
  .bss               zero     0x2000'0a21     0x1  ecatslv.o [1]
  .bss               zero     0x2000'0a22     0x1  ecatslv.o [1]
  .bss               zero     0x2000'0a23     0x1  ecatslv.o [1]
  .bss               zero     0x2000'0a24     0x1  ecatslv.o [1]
  .bss               zero     0x2000'0a25     0x1  ecatslv.o [1]
  .bss               zero     0x2000'0a26     0x1  ecatslv.o [1]
  .bss               zero     0x2000'0a27     0x1  ecatslv.o [1]
  .bss               zero     0x2000'0a28     0x1  ecatslv.o [1]
  .bss               zero     0x2000'0a29     0x1  ecatslv.o [1]
  .bss               zero     0x2000'0a2a     0x1  ecatslv.o [1]
  .bss               zero     0x2000'0a2b     0x1  ecatslv.o [1]
  .bss               zero     0x2000'0a2c     0x1  ecatslv.o [1]
  .bss               zero     0x2000'0a2d     0x1  ecatslv.o [1]
  .bss               zero     0x2000'0a2e     0x1  mailbox.o [1]
  .bss               zero     0x2000'0a2f     0x1  mailbox.o [1]
  .bss               zero     0x2000'0a30     0x1  mailbox.o [1]
  .bss               zero     0x2000'0a31     0x1  mailbox.o [1]
  .bss               zero     0x2000'0a32     0x1  mailbox.o [1]
  .bss               zero     0x2000'0a33     0x1  mailbox.o [1]
  .bss               zero     0x2000'0a34     0x1  mailbox.o [1]
  .bss               zero     0x2000'0a35     0x1  mailbox.o [1]
  .bss               zero     0x2000'0a36     0x1  objdef.o [1]
                            - 0x2000'0a37   0x5a3

"P2", part 3 of 3:                         0x6000
  CSTACK                      0x2000'0a38  0x4000  <Block>
    CSTACK           uninit   0x2000'0a38  0x4000  <Block tail>
  HEAP                        0x2000'4a38  0x2000  <Block>
    HEAP             uninit   0x2000'4a38  0x2000  <Block tail>
                            - 0x2000'6a38  0x6000

Unused ranges:

         From           To      Size
         ----           --      ----
   0x800'892d   0x80f'ffff  0xf'76d3
  0x2000'6a38  0x2001'ffff  0x1'95c8


*******************************************************************************
*** INIT TABLE
***

          Address      Size
          -------      ----
Zero (__iar_zero_init3)
    1 destination range, total size 0x5a3:
          0x2000'0494  0x5a3

Copy/lz77 (__iar_lz77_init_single3)
    1 source range, total size 0x231 (47% of destination):
           0x800'86fc  0x231
    1 destination range, total size 0x494:
          0x2000'0000  0x494



*******************************************************************************
*** MODULE SUMMARY
***

    Module                ro code  ro data  rw data
    ------                -------  -------  -------
command line/config:
    -----------------------------------------------
    Total:

E:\AnyID\Git\EsOnSsc\EsOnSsc\EsOnSsc\Build\Obj: [1]
    AnyID_ESC.o               864                 2
    AnyID_ESC_HL.o            660       40
    AnyID_IO.o                188                48
    AnyID_IO_HL.o             158      256        2
    AnyID_SysCfg.o            444        1        4
    AnyID_SysTick_HL.o        164                 8
    Application.o           1'112        2        8
    SSC-Device.o              396       90      188
    bootloaderappl.o          552               408
    bootmode.o                 30
    coeappl.o                 822    2'930      954
    ecatappl.o              1'688                47
    ecatcoe.o                 144                 4
    ecatfoe.o                 860                20
    ecatslv.o               6'620                77
    foeappl.o                 276
    mailbox.o               1'976               136
    main.o                     16
    misc.o                    156
    objdef.o                4'348       46      167
    sdoserv.o               1'612      120       22
    startup_stm32f427x.o      788
    stm32f4xx_exti.o          172
    stm32f4xx_gpio.o          308
    stm32f4xx_it.o             56
    stm32f4xx_rcc.o           408        8       16
    stm32f4xx_spi.o           120
    stm32f4xx_syscfg.o         88
    stm32f4xx_tim.o           172
    system_stm32f4xx.o        292
    -----------------------------------------------
    Total:                 25'490    3'493    2'111

dl7M_tlf.a: [2]
    abort.o                     6
    dlmalloc.o              5'276               496
    exit.o                      4
    heaptramp0.o                4
    low_level_init.o            4
    xgetmemchunk.o             44                 4
    -----------------------------------------------
    Total:                  5'338               500

m7M_tls.a: [3]
    fpinit_M.o                 34
    -----------------------------------------------
    Total:                     34

rt7M_tl.a: [4]
    ABImemcpy.o               166
    ABImemset.o               102
    cexit.o                    10
    cmain.o                    30
    cstartup_M.o               12
    data_init.o                40
    lz77_init_single.o        120
    memcmp.o                  104
    strlen.o                   54
    zero_init3.o               58
    -----------------------------------------------
    Total:                    696

shb_l.a: [5]
    exit.o                     20
    -----------------------------------------------
    Total:                     20

    Gaps                       10        4        4
    Linker created                      32   24'576
---------------------------------------------------
    Grand Total:           31'588    3'529   27'191


*******************************************************************************
*** ENTRY LIST
***

Entry                       Address   Size  Type      Object
-----                       -------   ----  ----      ------
.iar.init_table$$Base    0x800'834c          --   Gb  - Linker created -
.iar.init_table$$Limit   0x800'836c          --   Gb  - Linker created -
?main                    0x800'83ed         Code  Gb  cmain.o [4]
AL_ControlInd            0x800'0f0d  0x56c  Code  Gb  ecatslv.o [1]
AL_ControlRes            0x800'14c1  0x276  Code  Gb  ecatslv.o [1]
APBAHBPrescTable        0x2000'0484   0x10  Data  Lc  stm32f4xx_rcc.o [1]
APPL_AckErrorInd         0x800'2581    0x2  Code  Gb  SSC-Device.o [1]
APPL_Application         0x800'26f1   0x10  Code  Gb  SSC-Device.o [1]
APPL_CoeRxPdoMapping     0x800'37e9   0x36  Code  Gb  Application.o [1]
APPL_CoeTxPdoMapping     0x800'37dd    0xc  Code  Gb  Application.o [1]
APPL_GenerateMapping     0x800'25a3  0x136  Code  Gb  SSC-Device.o [1]
APPL_InputMapping        0x800'26d9    0xc  Code  Gb  SSC-Device.o [1]
APPL_OutputMapping       0x800'26e5    0xc  Code  Gb  SSC-Device.o [1]
APPL_StartInputHandler   0x800'258b    0x6  Code  Gb  SSC-Device.o [1]
APPL_StartMailboxHandler
                         0x800'2583    0x4  Code  Gb  SSC-Device.o [1]
APPL_StartOutputHandler
                         0x800'2595    0x4  Code  Gb  SSC-Device.o [1]
APPL_StopInputHandler    0x800'2591    0x4  Code  Gb  SSC-Device.o [1]
APPL_StopMailboxHandler
                         0x800'2587    0x4  Code  Gb  SSC-Device.o [1]
APPL_StopOutputHandler   0x800'2599    0xa  Code  Gb  SSC-Device.o [1]
AddObjectsToObjDictionary
                         0x800'3d63   0x32  Code  Gb  coeappl.o [1]
App_EcInit               0x800'3421   0x1e  Code  Gb  Application.o [1]
App_MonitorDate          0x800'343f  0x33c  Code  Gb  Application.o [1]
ApplicationObjDic       0x2000'0008  0x190  Data  Gb  coeappl.o [1]
BL_Data                  0x800'2edd    0x6  Code  Gb  bootmode.o [1]
BL_Start                 0x800'2ec5    0x2  Code  Gb  bootmode.o [1]
BL_Stop                  0x800'2ec7    0xc  Code  Gb  bootmode.o [1]
BackToInitTransition     0x800'0d85    0x8  Code  Gb  ecatslv.o [1]
BusFault_Handler         0x800'82a7    0x2  Code  Gb  stm32f4xx_it.o [1]
COE_AddObjectToDic       0x800'3c79   0x86  Code  Gb  coeappl.o [1]
COE_ClearObjDictionary   0x800'3d41   0x22  Code  Gb  coeappl.o [1]
COE_ContinueInd          0x800'2f61   0x44  Code  Gb  ecatcoe.o [1]
COE_GetObjectDictionary
                         0x800'3b7f    0x6  Code  Gb  coeappl.o [1]
COE_Init                 0x800'2f1d    0x8  Code  Gb  ecatcoe.o [1]
COE_Main                 0x800'3df1    0x2  Code  Gb  coeappl.o [1]
COE_ObjDictionaryInit    0x800'3d95   0x2a  Code  Gb  coeappl.o [1]
COE_ObjInit              0x800'3bc7   0xb2  Code  Gb  coeappl.o [1]
COE_RemoveDicEntry       0x800'3cff   0x42  Code  Gb  coeappl.o [1]
COE_ServiceInd           0x800'2f25   0x3c  Code  Gb  ecatcoe.o [1]
COE_SyncTimeStamp        0x800'3b17   0x68  Code  Gb  coeappl.o [1]
COE_UpdateSyncErrorStatus
                         0x800'3b85   0x42  Code  Gb  coeappl.o [1]
CSTACK$$Base            0x2000'0a38          --   Gb  - Linker created -
CSTACK$$Limit           0x2000'4a38          --   Gb  - Linker created -
CheckIfEcatError         0x800'187d   0x3e  Code  Gb  ecatslv.o [1]
CheckSmSettings          0x800'02cb  0x334  Code  Gb  ecatslv.o [1]
CheckSyncTypeValue       0x800'426b  0x124  Code  Gb  objdef.o [1]
DC_CheckWatchdog         0x800'178d   0xf0  Code  Gb  ecatslv.o [1]
DISABLE_ESC_INT          0x800'1bcf   0x16  Code  Gb  AnyID_ESC.o [1]
DIUnit10x1A00           0x2000'040c   0x44  Data  Gb  SSC-Device.o [1]
DIUnit10x6000           0x2000'0458    0x4  Data  Gb  SSC-Device.o [1]
DOUnit20x1600           0x2000'03c8   0x44  Data  Gb  SSC-Device.o [1]
DOUnit20x7000           0x2000'045c    0x4  Data  Gb  SSC-Device.o [1]
DebugMon_Handler         0x800'82ad    0x2  Code  Gb  stm32f4xx_it.o [1]
DisableSyncManChannel    0x800'0265   0x34  Code  Gb  ecatslv.o [1]
ECAT_Application         0x800'24ab   0x2c  Code  Gb  ecatappl.o [1]
ECAT_CheckTimer          0x800'1fe1   0x84  Code  Gb  ecatappl.o [1]
ECAT_CheckWatchdog       0x800'173d   0x46  Code  Gb  ecatslv.o [1]
ECAT_Init                0x800'18ed   0xe4  Code  Gb  ecatslv.o [1]
ECAT_Main                0x800'19dd  0x128  Code  Gb  ecatslv.o [1]
ENABLE_ESC_INT           0x800'1bb9   0x16  Code  Gb  AnyID_ESC.o [1]
ESC_CS                   0x800'854c    0x8  Data  Gb  AnyID_ESC_HL.o [1]
ESC_INT                  0x800'856c    0x8  Data  Gb  AnyID_ESC_HL.o [1]
ESC_SPI_PORT             0x800'8554    0x8  Data  Gb  AnyID_ESC_HL.o [1]
ESC_SYNC0                0x800'855c    0x8  Data  Gb  AnyID_ESC_HL.o [1]
ESC_SYNC1                0x800'8564    0x8  Data  Gb  AnyID_ESC_HL.o [1]
EXTI0_IRQHandler         0x800'1ead   0x18  Code  Gb  AnyID_ESC.o [1]
EXTI1_IRQHandler         0x800'1ec5   0x18  Code  Gb  AnyID_ESC.o [1]
EXTI2_IRQHandler         0x800'1e0b   0x28  Code  Gb  AnyID_ESC.o [1]
EXTI_ClearITPendingBit   0x800'3405    0x6  Code  Gb  stm32f4xx_exti.o [1]
EXTI_GetITStatus         0x800'33ef   0x16  Code  Gb  stm32f4xx_exti.o [1]
EXTI_Init                0x800'3375   0x7a  Code  Gb  stm32f4xx_exti.o [1]
EcatWdCounter           0x2000'0a04    0x2  Data  Gb  ecatslv.o [1]
EcatWdValue             0x2000'0a02    0x2  Data  Gb  ecatslv.o [1]
EepromLoaded            0x2000'0a2d    0x1  Data  Gb  ecatslv.o [1]
EnableSyncManChannel     0x800'0299   0x32  Code  Gb  ecatslv.o [1]
EscALEvent              0x2000'09d4    0x2  Data  Gb  AnyID_ESC.o [1]
Esc_InitInterface        0x800'2fad   0xcc  Code  Gb  AnyID_ESC_HL.o [1]
Esc_IntInit              0x800'30bf   0x74  Code  Gb  AnyID_ESC_HL.o [1]
Esc_RegOp                0x800'1de5   0x26  Code  Gb  AnyID_ESC.o [1]
Esc_Sync0Init            0x800'3133   0x7a  Code  Gb  AnyID_ESC_HL.o [1]
Esc_Sync1Init            0x800'31ad   0x7a  Code  Gb  AnyID_ESC_HL.o [1]
Esc_WriteByte            0x800'3079   0x46  Code  Gb  AnyID_ESC_HL.o [1]
EsmTimeoutCounter       0x2000'09e2    0x2  Data  Gb  ecatslv.o [1]
FMSC_DI_PORT             0x800'7db4   0x80  Data  Gb  AnyID_IO_HL.o [1]
FMSC_DO_PORT             0x800'7d34   0x80  Data  Gb  AnyID_IO_HL.o [1]
FOE_Ack                  0x800'7419   0x22  Code  Gb  foeappl.o [1]
FOE_Busy                 0x800'743b   0x12  Code  Gb  foeappl.o [1]
FOE_ContinueInd          0x800'66b1   0x1a  Code  Gb  ecatfoe.o [1]
FOE_Data                 0x800'73bf   0x5a  Code  Gb  foeappl.o [1]
FOE_Error                0x800'744d   0x14  Code  Gb  foeappl.o [1]
FOE_Init                 0x800'6391   0x20  Code  Gb  ecatfoe.o [1]
FOE_Read                 0x800'7369   0x32  Code  Gb  foeappl.o [1]
FOE_ServiceInd           0x800'63b1  0x300  Code  Gb  ecatfoe.o [1]
FOE_Write                0x800'739b   0x24  Code  Gb  foeappl.o [1]
FirmEndFlashAddr        0x2000'0004    0x4  Data  Gb  Application.o [1]
FoE_APPL_Init            0x800'7185   0x20  Code  Gb  bootloaderappl.o [1]
FoE_Read                 0x800'6fb5   0xb0  Code  Gb  bootloaderappl.o [1]
FoE_ReadData             0x800'7065   0x4a  Code  Gb  bootloaderappl.o [1]
FoE_Write                0x800'712d   0x58  Code  Gb  bootloaderappl.o [1]
FoE_WriteData            0x800'70af   0x7e  Code  Gb  bootloaderappl.o [1]
GPIO_Init                0x800'3241   0xca  Code  Gb  stm32f4xx_gpio.o [1]
GPIO_PinAFConfig         0x800'3313   0x62  Code  Gb  stm32f4xx_gpio.o [1]
GPIO_ResetBits           0x800'330f    0x4  Code  Gb  stm32f4xx_gpio.o [1]
GPIO_SetBits             0x800'330b    0x4  Code  Gb  stm32f4xx_gpio.o [1]
GenObjDic               0x2000'01cc  0x1e0  Data  Gb  coeappl.o [1]
GetInterruptRegister     0x800'1c39   0x10  Code  Lc  AnyID_ESC.o [1]
GetOutOfMbxQueue         0x800'2741   0x30  Code  Gb  mailbox.o [1]
GetSyncMan               0x800'0243   0x22  Code  Gb  ecatslv.o [1]
GetSystemTimeDelay       0x800'20b9   0x4e  Code  Gb  ecatappl.o [1]
HEAP$$Base              0x2000'4a38          --   Gb  - Linker created -
HEAP$$Limit             0x2000'6a38          --   Gb  - Linker created -
HW_EscRead               0x800'1c73   0x5c  Code  Gb  AnyID_ESC.o [1]
HW_EscReadIsr            0x800'1ccf   0x64  Code  Gb  AnyID_ESC.o [1]
HW_EscWrite              0x800'1d33   0x5e  Code  Gb  AnyID_ESC.o [1]
HW_EscWriteIsr           0x800'1d91   0x54  Code  Gb  AnyID_ESC.o [1]
HW_GetALEventRegister    0x800'1c5b    0xc  Code  Gb  AnyID_ESC.o [1]
HW_GetALEventRegister_Isr
                         0x800'1c67    0xc  Code  Gb  AnyID_ESC.o [1]
HW_Init                  0x800'1be5   0x54  Code  Gb  AnyID_ESC.o [1]
HW_Release               0x800'1c59    0x2  Code  Gb  AnyID_ESC.o [1]
HandleCycleTimeMeasurement
                         0x800'2065   0x54  Code  Gb  ecatappl.o [1]
HardFault_Handler        0x800'82a3    0x2  Code  Gb  stm32f4xx_it.o [1]
IO_ChkDiTask             0x800'72b7   0x3c  Code  Gb  AnyID_IO.o [1]
IO_Delayms               0x800'7509   0x12  Code  Gb  AnyID_IO_HL.o [1]
IO_Init                  0x800'747d   0x84  Code  Gb  AnyID_IO_HL.o [1]
IO_Test                  0x800'7245   0x72  Code  Gb  AnyID_IO.o [1]
ISR_GetInterruptRegister
                         0x800'1c49   0x10  Code  Lc  AnyID_ESC.o [1]
LatchInputSync0Counter  0x2000'09f6    0x2  Data  Gb  ecatslv.o [1]
LatchInputSync0Value    0x2000'09f4    0x2  Data  Gb  ecatslv.o [1]
MBX_CheckAndCopyMailbox
                         0x800'2c49   0xfa  Code  Gb  mailbox.o [1]
MBX_CopyToSendMailbox    0x800'2d43   0xd4  Code  Gb  mailbox.o [1]
MBX_Init                 0x800'2771   0xc4  Code  Gb  mailbox.o [1]
MBX_MailboxReadInd       0x800'2ad3   0xa8  Code  Gb  mailbox.o [1]
MBX_MailboxRepeatReq     0x800'2b7b   0x50  Code  Gb  mailbox.o [1]
MBX_MailboxSendReq       0x800'2bcb   0x7e  Code  Gb  mailbox.o [1]
MBX_MailboxWriteInd      0x800'2a3f   0x94  Code  Gb  mailbox.o [1]
MBX_Main                 0x800'2e17   0x54  Code  Gb  mailbox.o [1]
MBX_StartMailboxHandler
                         0x800'2835   0xca  Code  Gb  mailbox.o [1]
MBX_StopMailboxHandler   0x800'28ff   0xfc  Code  Gb  mailbox.o [1]
MailboxServiceInd        0x800'29fb   0x44  Code  Gb  mailbox.o [1]
MainInit                 0x800'233f   0xb4  Code  Gb  ecatappl.o [1]
MainLoop                 0x800'23f3   0xb8  Code  Gb  ecatappl.o [1]
MemManage_Handler        0x800'82a5    0x2  Code  Gb  stm32f4xx_it.o [1]
NMI_Handler              0x800'82a1    0x2  Code  Gb  stm32f4xx_it.o [1]
NVIC_DisableIRQ          0x800'1ba1   0x18  Code  Lc  AnyID_ESC.o [1]
NVIC_EnableIRQ           0x800'1b89   0x18  Code  Lc  AnyID_ESC.o [1]
NVIC_Init                0x800'6f19   0x68  Code  Gb  misc.o [1]
NVIC_SetPriority         0x800'76ed   0x2c  Code  Lc  AnyID_SysTick_HL.o [1]
OBJ_CopyNumberToString   0x800'3e7d   0x4c  Code  Gb  objdef.o [1]
OBJ_GetDesc              0x800'4007  0x11a  Code  Gb  objdef.o [1]
OBJ_GetEntryDesc         0x800'4121   0x38  Code  Gb  objdef.o [1]
OBJ_GetEntryOffset       0x800'415d  0x10e  Code  Gb  objdef.o [1]
OBJ_GetNoOfObjects       0x800'3ec9   0x76  Code  Gb  objdef.o [1]
OBJ_GetObjDesc           0x800'4159    0x4  Code  Gb  objdef.o [1]
OBJ_GetObjectHandle      0x800'3df5   0x24  Code  Gb  objdef.o [1]
OBJ_GetObjectLength      0x800'3e19   0x64  Code  Gb  objdef.o [1]
OBJ_GetObjectList        0x800'3f3f   0xc8  Code  Gb  objdef.o [1]
OBJ_Read                 0x800'438f  0x552  Code  Gb  objdef.o [1]
OBJ_Write                0x800'48ed  0x5e8  Code  Gb  objdef.o [1]
ObjDicList              0x2000'0974    0x4  Data  Gb  coeappl.o [1]
PDI_ClearTimer           0x800'1e7d    0xc  Code  Gb  AnyID_ESC.o [1]
PDI_GetTimer             0x800'1e71    0xc  Code  Gb  AnyID_ESC.o [1]
PDI_InitInterrupt        0x800'1e33    0x8  Code  Gb  AnyID_ESC.o [1]
PDI_InitSyncInterrupt    0x800'1edd    0xc  Code  Gb  AnyID_ESC.o [1]
PDI_InitTimerInterrupt   0x800'1e3b   0x36  Code  Gb  AnyID_ESC.o [1]
PDI_Isr                  0x800'2107  0x124  Code  Gb  ecatappl.o [1]
PDO_InputMapping         0x800'1ee9   0x74  Code  Gb  ecatappl.o [1]
PDO_OutputMapping        0x800'1f5d   0x84  Code  Gb  ecatappl.o [1]
ParametersHanding0xF008
                        0x2000'046c    0xc  Data  Gb  SSC-Device.o [1]
ParametersHanding0xF010
                        0x2000'0478    0xc  Data  Gb  SSC-Device.o [1]
PendSV_Handler           0x800'82af    0x2  Code  Gb  stm32f4xx_it.o [1]
PutInMbxQueue            0x800'270d   0x34  Code  Gb  mailbox.o [1]
RCC_AHB1PeriphClockCmd   0x800'397b   0x1c  Code  Gb  stm32f4xx_rcc.o [1]
RCC_AHB2PeriphClockCmd   0x800'3997   0x1c  Code  Gb  stm32f4xx_rcc.o [1]
RCC_APB1PeriphClockCmd   0x800'39b3   0x1c  Code  Gb  stm32f4xx_rcc.o [1]
RCC_APB2PeriphClockCmd   0x800'39cf   0x1c  Code  Gb  stm32f4xx_rcc.o [1]
RCC_GetClocksFreq        0x800'3879  0x102  Code  Gb  stm32f4xx_rcc.o [1]
Read0x10F8               0x800'3abd   0x5a  Code  Gb  coeappl.o [1]
Region$$Table$$Base      0x800'834c          --   Gb  - Linker created -
Region$$Table$$Limit     0x800'836c          --   Gb  - Linker created -
ResetALEventMask         0x800'01ad   0x34  Code  Gb  ecatslv.o [1]
SDOS_SdoInd              0x800'6933  0x204  Code  Gb  sdoserv.o [1]
SDOS_SdoInfoInd          0x800'6b37  0x2f6  Code  Gb  sdoserv.o [1]
SMActivate              0x2000'09b8    0x4  Data  Gb  ecatslv.o [1]
SPI_Cmd                  0x800'6e87   0x1e  Code  Gb  stm32f4xx_spi.o [1]
SPI_I2S_GetFlagStatus    0x800'6ead   0x14  Code  Gb  stm32f4xx_spi.o [1]
SPI_I2S_ReceiveData      0x800'6ea5    0x4  Code  Gb  stm32f4xx_spi.o [1]
SPI_I2S_SendData         0x800'6ea9    0x4  Code  Gb  stm32f4xx_spi.o [1]
SPI_Init                 0x800'6e49   0x3e  Code  Gb  stm32f4xx_spi.o [1]
STick_InitSysTick        0x800'7749   0x26  Code  Gb  AnyID_SysTick_HL.o [1]
SVC_Handler              0x800'82ab    0x2  Code  Gb  stm32f4xx_it.o [1]
SYNC0_INT_Init           0x800'1e9d    0x8  Code  Gb  AnyID_ESC.o [1]
SYNC1_INT_Init           0x800'1ea5    0x8  Code  Gb  AnyID_ESC.o [1]
SYSCFG_EXTILineConfig    0x800'6ec1   0x52  Code  Gb  stm32f4xx_syscfg.o [1]
SdoRes                   0x800'67fd  0x136  Code  Gb  sdoserv.o [1]
SetALEventMask           0x800'01e1   0x34  Code  Gb  ecatslv.o [1]
SetALStatus              0x800'0d9d  0x128  Code  Gb  ecatslv.o [1]
SetSysClock              0x800'77d7   0xaa  Code  Lc  system_stm32f4xx.o [1]
StartInputHandler        0x800'05ff  0x64e  Code  Gb  ecatslv.o [1]
StartOutputHandler       0x800'0c4d   0x4c  Code  Gb  ecatslv.o [1]
StopInputHandler         0x800'0cad   0xd8  Code  Gb  ecatslv.o [1]
StopOutput               0x800'377b   0x62  Code  Gb  Application.o [1]
StopOutputHandler        0x800'0c99   0x10  Code  Gb  ecatslv.o [1]
Sync0WdCounter          0x2000'09ec    0x2  Data  Gb  ecatslv.o [1]
Sync0WdValue            0x2000'09ee    0x2  Data  Gb  ecatslv.o [1]
Sync0_Isr                0x800'222b   0xe8  Code  Gb  ecatappl.o [1]
Sync1WdCounter          0x2000'09f0    0x2  Data  Gb  ecatslv.o [1]
Sync1WdValue            0x2000'09f2    0x2  Data  Gb  ecatslv.o [1]
Sync1_Isr                0x800'2313   0x2c  Code  Gb  ecatappl.o [1]
SyncManInfo             0x2000'0950    0x8  Data  Gb  ecatslv.o [1]
SysTick_CLKSourceConfig
                         0x800'6f81   0x1c  Code  Gb  misc.o [1]
SysTick_Config           0x800'7719   0x30  Code  Lc  AnyID_SysTick_HL.o [1]
SysTick_Handler          0x800'82b1   0x20  Code  Gb  stm32f4xx_it.o [1]
Sys_CfgClock             0x800'7543   0xcc  Code  Gb  AnyID_SysCfg.o [1]
Sys_CfgNVIC              0x800'762f    0xa  Code  Gb  AnyID_SysCfg.o [1]
Sys_CfgPeriphClk         0x800'760f   0x20  Code  Gb  AnyID_SysCfg.o [1]
Sys_Delayms              0x800'7531   0x12  Code  Gb  AnyID_SysCfg.o [1]
Sys_EspAppTask           0x800'7691   0x1a  Code  Gb  AnyID_SysCfg.o [1]
Sys_Init                 0x800'7639   0x44  Code  Gb  AnyID_SysCfg.o [1]
Sys_LedTask              0x800'767d   0x14  Code  Gb  AnyID_SysCfg.o [1]
SystemInit               0x800'7791   0x46  Code  Gb  system_stm32f4xx.o [1]
TIM_Cmd                  0x800'3a83   0x1e  Code  Gb  stm32f4xx_tim.o [1]
TIM_GetCounter           0x800'3a7f    0x4  Code  Gb  stm32f4xx_tim.o [1]
TIM_SetCounter           0x800'3a7b    0x4  Code  Gb  stm32f4xx_tim.o [1]
TIM_TimeBaseInit         0x800'3a11   0x6a  Code  Gb  stm32f4xx_tim.o [1]
TestCalcTimeFun          0x800'381f    0x2  Code  Gb  Application.o [1]
Unit0x8000              0x2000'0460    0xc  Data  Gb  SSC-Device.o [1]
UpdateEEPROMLoadedState
                         0x800'0215   0x2e  Code  Gb  ecatslv.o [1]
UsageFault_Handler       0x800'82a9    0x2  Code  Gb  stm32f4xx_it.o [1]
__aeabi_memcpy           0x800'6755         Code  Gb  ABImemcpy.o [4]
__aeabi_memcpy4          0x800'6775         Code  Gb  ABImemcpy.o [4]
__aeabi_memcpy8          0x800'6775         Code  Gb  ABImemcpy.o [4]
__aeabi_memset           0x800'66ed         Code  Gb  ABImemset.o [4]
__cmain                  0x800'83ed         Code  Gb  cmain.o [4]
__data_GetMemChunk       0x800'733d   0x2c  Code  Gb  xgetmemchunk.o [2]
__data_GetMemChunk::start
                        0x2000'09d0    0x4  Data  Lc  xgetmemchunk.o [2]
__exit                   0x800'751d   0x14  Code  Gb  exit.o [5]
__iar_Memset             0x800'66ed         Code  Gb  ABImemset.o [4]
__iar_Memset_word        0x800'66f5         Code  Gb  ABImemset.o [4]
__iar_data_init3         0x800'8301   0x28  Code  Gb  data_init.o [4]
__iar_dlfree             0x800'5e67  0x51e  Code  Gb  dlmalloc.o [2]
__iar_dlmalloc           0x800'4f79  0xeee  Code  Gb  dlmalloc.o [2]
__iar_init_vfp           0x800'8329         Code  Gb  fpinit_M.o [3]
__iar_lz77_init_single3
                         0x800'7ead   0x78  Code  Gb  lz77_init_single.o [4]
__iar_program_start      0x800'8541         Code  Gb  cstartup_M.o [4]
__iar_zero_init3         0x800'2ee3   0x3a  Code  Gb  zero_init3.o [4]
__low_level_init         0x800'840b    0x4  Code  Gb  low_level_init.o [2]
__vector_table           0x800'0000         Data  Gb  startup_stm32f427x.o [1]
_call_main               0x800'83f9         Code  Gb  cmain.o [4]
_exit                    0x800'8425         Code  Gb  cexit.o [4]
_gm_                    0x2000'0494  0x1d8  Data  Lc  dlmalloc.o [2]
_main                    0x800'8407         Code  Gb  cmain.o [4]
aFileData               0x2000'066c  0x180  Data  Gb  bootloaderappl.o [1]
aFileName               0x2000'0924   0x10  Data  Gb  bootloaderappl.o [1]
aName0x1000              0x800'851c    0xc  Data  Gb  coeappl.o [1]
aName0x1001              0x800'84e4   0x10  Data  Gb  coeappl.o [1]
aName0x1008              0x800'8528    0xc  Data  Gb  coeappl.o [1]
aName0x1009              0x800'8480   0x14  Data  Gb  coeappl.o [1]
aName0x100A              0x800'8494   0x14  Data  Gb  coeappl.o [1]
aName0x1018              0x800'822c   0x3c  Data  Gb  coeappl.o [1]
aName0x10F1              0x800'81ec   0x40  Data  Gb  coeappl.o [1]
aName0x10F8              0x800'84bc   0x14  Data  Gb  coeappl.o [1]
aName0x1600              0x800'7ab4   0xdc  Data  Gb  coeappl.o [1]
aName0x1A00              0x800'7b90   0xdc  Data  Gb  coeappl.o [1]
aName0x1C00              0x800'84d0   0x14  Data  Gb  coeappl.o [1]
aName0x1C12              0x800'8430   0x1c  Data  Gb  coeappl.o [1]
aName0x1C13              0x800'844c   0x1c  Data  Gb  coeappl.o [1]
aName0x1C32              0x800'78b4  0x100  Data  Gb  coeappl.o [1]
aName0x1C33              0x800'79b4  0x100  Data  Gb  coeappl.o [1]
aName0x6000              0x800'80c4   0x64  Data  Gb  coeappl.o [1]
aName0x7000              0x800'8128   0x64  Data  Gb  coeappl.o [1]
aName0x8000              0x800'82d8   0x28  Data  Gb  coeappl.o [1]
aName0xF008              0x800'818c   0x60  Data  Gb  coeappl.o [1]
aName0xF010              0x800'8268   0x38  Data  Gb  coeappl.o [1]
aPdInputData            0x2000'09dc    0x2  Data  Gb  ecatappl.o [1]
aPdOutputData           0x2000'09da    0x2  Data  Gb  ecatappl.o [1]
aSdoInfoHeader          0x2000'0934   0x10  Data  Gb  sdoserv.o [1]
aSubindexDesc           0x2000'03b8   0x10  Data  Gb  objdef.o [1]
abort                    0x800'7337    0x6  Code  Gb  abort.o [2]
acDevicename            0x2000'019c    0xc  Data  Gb  coeappl.o [1]
acHardwareversion       0x2000'01a8    0x4  Data  Gb  coeappl.o [1]
acSoftwareversion       0x2000'01ac    0x4  Data  Gb  coeappl.o [1]
asEntryDesc0x1018        0x800'83ac   0x20  Data  Gb  coeappl.o [1]
asEntryDesc0x10F1        0x800'84a8   0x14  Data  Gb  coeappl.o [1]
asEntryDesc0x1600        0x800'7f24   0x68  Data  Gb  coeappl.o [1]
asEntryDesc0x1A00        0x800'7f8c   0x68  Data  Gb  coeappl.o [1]
asEntryDesc0x1C00        0x800'8534    0xc  Data  Gb  coeappl.o [1]
asEntryDesc0x1C12        0x800'8504    0xc  Data  Gb  coeappl.o [1]
asEntryDesc0x1C13        0x800'8510    0xc  Data  Gb  coeappl.o [1]
asEntryDesc0x1C3x        0x800'7c6c   0xc8  Data  Gb  coeappl.o [1]
asEntryDesc0x6000        0x800'7ff4   0x68  Data  Gb  coeappl.o [1]
asEntryDesc0x7000        0x800'805c   0x68  Data  Gb  coeappl.o [1]
asEntryDesc0x8000        0x800'8468   0x18  Data  Gb  coeappl.o [1]
asEntryDesc0xF008        0x800'836c   0x20  Data  Gb  coeappl.o [1]
asEntryDesc0xF010        0x800'838c   0x20  Data  Gb  coeappl.o [1]
b32BitDc                0x2000'0a23    0x1  Data  Gb  ecatslv.o [1]
b3BufferMode            0x2000'0a25    0x1  Data  Gb  ecatslv.o [1]
bApplEsmPending         0x2000'0a27    0x1  Data  Gb  ecatslv.o [1]
bBootMode               0x2000'0a1b    0x1  Data  Gb  ecatslv.o [1]
bDcRunning              0x2000'0a21    0x1  Data  Gb  ecatslv.o [1]
bDcSyncActive           0x2000'0a20    0x1  Data  Gb  ecatslv.o [1]
bEcatFirstOutputsReceived
                        0x2000'0a1e    0x1  Data  Gb  ecatslv.o [1]
bEcatInputUpdateRunning
                        0x2000'0a1d    0x1  Data  Gb  ecatslv.o [1]
bEcatOutputUpdateRunning
                        0x2000'0a1c    0x1  Data  Gb  ecatslv.o [1]
bEcatWaitForAlControlRes
                        0x2000'0a28    0x1  Data  Gb  ecatslv.o [1]
bEscIntEnabled          0x2000'0a24    0x1  Data  Gb  ecatslv.o [1]
bInitFinished           0x2000'0a1a    0x1  Data  Gb  ecatappl.o [1]
bLocalErrorFlag         0x2000'0a26    0x1  Data  Gb  ecatslv.o [1]
bMbxRepeatToggle        0x2000'0a31    0x1  Data  Gb  mailbox.o [1]
bMbxRunning             0x2000'0a30    0x1  Data  Gb  mailbox.o [1]
bMinCycleTimeMeasurementStarted
                        0x2000'0a19    0x1  Data  Gb  ecatappl.o [1]
bNoMbxMemoryAvailable   0x2000'0a35    0x1  Data  Gb  mailbox.o [1]
bReceiveMbxIsLocked     0x2000'0a2e    0x1  Data  Gb  mailbox.o [1]
bRunApplication         0x2000'0a18    0x1  Data  Gb  ecatappl.o [1]
bSendMbxIsFull          0x2000'0a2f    0x1  Data  Gb  mailbox.o [1]
bSmSyncSequenceValid    0x2000'0a22    0x1  Data  Gb  ecatslv.o [1]
bSyncSetByUser          0x2000'0a36    0x1  Data  Gb  objdef.o [1]
bWdTrigger              0x2000'0a1f    0x1  Data  Gb  ecatslv.o [1]
cAbortCode               0x800'7e34   0x78  Data  Gb  sdoserv.o [1]
cBitMask                 0x800'83cc   0x20  Data  Gb  objdef.o [1]
exit                     0x800'841f    0x4  Code  Gb  exit.o [2]
free                     0x800'638d    0x4  Code  Gb  heaptramp0.o [2]
g_nIOStatus             0x2000'09d6    0x2  Data  Gb  AnyID_IO_HL.o [1]
g_nSysDelay             0x2000'095c    0x4  Data  Gb  AnyID_SysTick_HL.o [1]
g_nSysState             0x2000'0000    0x4  Data  Gb  AnyID_SysCfg.o [1]
g_nSysTick              0x2000'0958    0x4  Data  Gb  AnyID_SysTick_HL.o [1]
g_sDIChkStatus          0x2000'08dc   0x30  Data  Gb  AnyID_IO.o [1]
g_sLegacyDoData         0x2000'0960    0x4  Data  Gb  Application.o [1]
i16WaitForPllRunningCnt
                        0x2000'09ea    0x2  Data  Gb  ecatslv.o [1]
i16WaitForPllRunningTimeout
                        0x2000'09e8    0x2  Data  Gb  ecatslv.o [1]
init_mparams             0x800'4f0b   0x2c  Code  Lc  dlmalloc.o [2]
init_top                 0x800'4f37   0x34  Code  Lc  dlmalloc.o [2]
main                     0x800'840f   0x10  Code  Gb  main.o [1]
memcmp                   0x800'71dd         Code  Gb  memcmp.o [4]
mparams                 0x2000'090c   0x18  Data  Lc  dlmalloc.o [2]
nAlStatus               0x2000'0a2c    0x1  Data  Gb  ecatslv.o [1]
nEcatStateTrans         0x2000'09fa    0x2  Data  Gb  ecatslv.o [1]
nEscAddrInputData       0x2000'0a08    0x2  Data  Gb  ecatslv.o [1]
nEscAddrOutputData      0x2000'0a06    0x2  Data  Gb  ecatslv.o [1]
nFileWriteOffset        0x2000'0964    0x4  Data  Gb  bootloaderappl.o [1]
nMaxEscAddress          0x2000'0a00    0x2  Data  Gb  ecatslv.o [1]
nMaxSyncMan             0x2000'0a2b    0x1  Data  Gb  ecatslv.o [1]
nPdInputSize            0x2000'09fc    0x2  Data  Gb  ecatslv.o [1]
nPdOutputSize           0x2000'09fe    0x2  Data  Gb  ecatslv.o [1]
nSdoInfoIndex           0x2000'0a16    0x2  Data  Gb  sdoserv.o [1]
pAPPL_FoeError          0x2000'0980    0x4  Data  Gb  ecatappl.o [1]
pAPPL_FoeRead           0x2000'0978    0x4  Data  Gb  ecatappl.o [1]
pAPPL_FoeReadData       0x2000'097c    0x4  Data  Gb  ecatappl.o [1]
pAPPL_FoeWrite          0x2000'0984    0x4  Data  Gb  ecatappl.o [1]
pAPPL_FoeWriteData      0x2000'0988    0x4  Data  Gb  ecatappl.o [1]
pAPPL_MainLoop          0x2000'098c    0x4  Data  Gb  ecatappl.o [1]
pCoeSendStored          0x2000'09a0    0x4  Data  Gb  ecatcoe.o [1]
pFoeSendStored          0x2000'09b0    0x4  Data  Gb  ecatfoe.o [1]
pSdoInfoObjEntry        0x2000'09cc    0x4  Data  Gb  sdoserv.o [1]
psReadMbx               0x2000'09c0    0x4  Data  Gb  mailbox.o [1]
psRepeatMbx             0x2000'09c4    0x4  Data  Gb  mailbox.o [1]
psStoreMbx              0x2000'09c8    0x4  Data  Gb  mailbox.o [1]
psWriteMbx              0x2000'09bc    0x4  Data  Gb  mailbox.o [1]
sCycleDiag              0x2000'0a14    0x2  Data  Gb  objdef.o [1]
sEntryDesc0x1000         0x800'8574    0x8  Data  Gb  coeappl.o [1]
sEntryDesc0x1001         0x800'857c    0x8  Data  Gb  coeappl.o [1]
sEntryDesc0x1008         0x800'8584    0x8  Data  Gb  coeappl.o [1]
sEntryDesc0x1009         0x800'858c    0x8  Data  Gb  coeappl.o [1]
sEntryDesc0x100A         0x800'8594    0x8  Data  Gb  coeappl.o [1]
sEntryDesc0x10F8         0x800'859c    0x8  Data  Gb  coeappl.o [1]
sErrorSettings          0x2000'03ac    0xc  Data  Gb  objdef.o [1]
sIdentity               0x2000'01b0   0x14  Data  Gb  coeappl.o [1]
sMbxReceiveQueue        0x2000'08a8   0x34  Data  Gb  mailbox.o [1]
sMbxSendQueue           0x2000'0874   0x34  Data  Gb  mailbox.o [1]
sRxPDOassign            0x2000'0450    0x4  Data  Gb  SSC-Device.o [1]
sSyncManInPar           0x2000'0830   0x44  Data  Gb  objdef.o [1]
sSyncManOutPar          0x2000'07ec   0x44  Data  Gb  objdef.o [1]
sSyncmanagertype        0x2000'01c4    0x8  Data  Gb  coeappl.o [1]
sTxPDOassign            0x2000'0454    0x4  Data  Gb  SSC-Device.o [1]
segment_holding          0x800'4ef1   0x1a  Code  Lc  dlmalloc.o [2]
strlen                   0x800'7301         Code  Gb  strlen.o [4]
u16ALEventMask          0x2000'0a0a    0x2  Data  Gb  ecatslv.o [1]
u16ErrorRegister        0x2000'09d8    0x2  Data  Gb  coeappl.o [1]
u16EscAddrReceiveMbx    0x2000'0a10    0x2  Data  Gb  mailbox.o [1]
u16EscAddrSendMbx       0x2000'0a12    0x2  Data  Gb  mailbox.o [1]
u16FileAccessState      0x2000'09de    0x2  Data  Gb  ecatfoe.o [1]
u16FoeMaxSendBlockSize  0x2000'09e0    0x2  Data  Gb  ecatfoe.o [1]
u16LocalErrorCode       0x2000'09f8    0x2  Data  Gb  ecatslv.o [1]
u16ReceiveMbxSize       0x2000'0a0e    0x2  Data  Gb  mailbox.o [1]
u16SendMbxSize          0x2000'0a0c    0x2  Data  Gb  mailbox.o [1]
u16SmSync0Counter       0x2000'09e4    0x2  Data  Gb  ecatslv.o [1]
u16SmSync0Value         0x2000'09e6    0x2  Data  Gb  ecatslv.o [1]
u32CheckForDcOverrunCnt
                        0x2000'0970    0x4  Data  Gb  coeappl.o [1]
u32CycleTimeStartValue  0x2000'0990    0x4  Data  Gb  ecatappl.o [1]
u32Devicetype           0x2000'0198    0x4  Data  Gb  coeappl.o [1]
u32FileOffset           0x2000'09a8    0x4  Data  Gb  ecatfoe.o [1]
u32FileSize             0x2000'0968    0x4  Data  Gb  bootloaderappl.o [1]
u32LastDc32Value        0x2000'096c    0x4  Data  Gb  coeappl.o [1]
u32LastFileOffset       0x2000'09ac    0x4  Data  Gb  ecatfoe.o [1]
u32MinCycleTimeStartValue
                        0x2000'0994    0x4  Data  Gb  ecatappl.o [1]
u32MinCycleTimeValue    0x2000'099c    0x4  Data  Gb  ecatappl.o [1]
u32PacketNo             0x2000'09a4    0x4  Data  Gb  ecatfoe.o [1]
u32SystemTimeReadFailure
                        0x2000'0998    0x4  Data  Gb  ecatappl.o [1]
u32dummy                0x2000'09b4    0x4  Data  Gb  ecatslv.o [1]
u64Timestamp            0x2000'0948    0x8  Data  Gb  coeappl.o [1]
u8EcatErrorLed          0x2000'0a29    0x1  Data  Gb  ecatslv.o [1]
u8EcatRunLed            0x2000'0a2a    0x1  Data  Gb  ecatslv.o [1]
u8MailboxSendReqStored  0x2000'0a34    0x1  Data  Gb  mailbox.o [1]
u8MbxReadCounter        0x2000'0a33    0x1  Data  Gb  mailbox.o [1]
u8MbxWriteCounter       0x2000'0a32    0x1  Data  Gb  mailbox.o [1]


[1] = E:\AnyID\Git\EsOnSsc\EsOnSsc\EsOnSsc\Build\Obj
[2] = dl7M_tlf.a
[3] = m7M_tls.a
[4] = rt7M_tl.a
[5] = shb_l.a

  31'588 bytes of readonly  code memory
   3'529 bytes of readonly  data memory
  27'191 bytes of readwrite data memory

Errors: none
Warnings: none
